// Jest Snapshot v1, https://goo.gl/fbAQLP

exports[`renders homepage unchanged 1`] = `
<div>
  <div>
    <h1>
      React Avan√ßado
    </h1>
  </div>
</div>
`;
